{
    "modules": [
        {
            "Path": "github.com/muesli/termenv",
            "Version": "v0.15.2",
            "Pinned": "v0.16.0"
        },
        {
            "Path": "github.com/atotto/clipboard",
            "Version": "v0.1.4",
            "Pinned": "v0.1.4",
            "Imported": true
        }
    ],
    "packages": [
        {
            "Path": "github.com/atotto/clipboard",
            "Module": "github.com/atotto/clipboard",
            "Tags": [
                "linux",
                "openbsd",
                "freebsd",
                "netbsd",
                "solaris",
                "dragonfly"
            ],
            "Files": [
                {
                    "Name": "clipboard_unix.go",
                    "Build": true
                }
            ]
        }
    ]
}
